[2026-09-11T18:58:10Z] ingest_all starting: 56 states x 3 years = 168 state-years
[2026-09-11T18:58:10Z] [1/168] AL 2023: fetching
[2026-09-11T18:58:27Z] [1/168] AL 2023: OK rows=194792 size_bytes=74089994 elapsed_s=16.39
[2026-09-11T18:58:27Z] [2/168] AK 2023: fetching
[2026-09-11T18:58:36Z] [2/168] AK 2023: OK rows=17527 size_bytes=6687385 elapsed_s=9.61
[2026-09-11T18:58:36Z] [3/168] AZ 2023: fetching
[2026-09-11T18:59:00Z] [3/168] AZ 2023: OK rows=299105 size_bytes=113443895 elapsed_s=24.32
[2026-09-11T18:59:00Z] [4/168] AR 2023: fetching
[2026-09-11T18:59:11Z] [4/168] AR 2023: OK rows=111524 size_bytes=42396211 elapsed_s=10.95
[2026-09-11T18:59:11Z] [5/168] CA 2023: fetching
[2026-09-11T19:00:27Z] [5/168] CA 2023: OK rows=962073 size_bytes=367763014 elapsed_s=75.18
[2026-09-11T19:00:27Z] [6/168] CO 2023: fetching
[2026-09-11T19:00:53Z] [6/168] CO 2023: OK rows=252481 size_bytes=95955975 elapsed_s=26.77
[2026-09-11T19:00:53Z] [7/168] CT 2023: fetching
[2026-09-11T19:01:12Z] [7/168] CT 2023: OK rows=115851 size_bytes=44488945 elapsed_s=18.13
[2026-09-11T19:01:12Z] [8/168] DE 2023: fetching
[2026-09-11T19:01:22Z] [8/168] DE 2023: OK rows=44128 size_bytes=16925399 elapsed_s=10.84
[2026-09-11T19:01:22Z] [9/168] DC 2023: already complete, skipping
[2026-09-11T19:01:22Z] [10/168] FL 2023: fetching
[2026-09-11T19:02:23Z] [10/168] FL 2023: OK rows=1044804 size_bytes=395974681 elapsed_s=61.08
[2026-09-11T19:02:23Z] [11/168] GA 2023: fetching
[2026-09-11T19:02:58Z] [11/168] GA 2023: OK rows=450495 size_bytes=172617516 elapsed_s=34.74
[2026-09-11T19:02:58Z] [12/168] HI 2023: fetching
[2026-09-11T19:03:11Z] [12/168] HI 2023: OK rows=32188 size_bytes=12369609 elapsed_s=12.95
[2026-09-11T19:03:11Z] [13/168] ID 2023: fetching
[2026-09-11T19:03:22Z] [13/168] ID 2023: OK rows=77183 size_bytes=29174833 elapsed_s=10.75
[2026-09-11T19:03:22Z] [14/168] IL 2023: fetching
[2026-09-11T19:03:52Z] [14/168] IL 2023: OK rows=366298 size_bytes=140232957 elapsed_s=30.49
[2026-09-11T19:03:52Z] [15/168] IN 2023: fetching
[2026-09-11T19:04:18Z] [15/168] IN 2023: OK rows=265084 size_bytes=100572520 elapsed_s=25.83
[2026-09-11T19:04:18Z] [16/168] IA 2023: fetching
[2026-09-11T19:04:35Z] [16/168] IA 2023: OK rows=104331 size_bytes=40217380 elapsed_s=16.46
[2026-09-11T19:04:35Z] [17/168] KS 2023: fetching
[2026-09-11T19:04:54Z] [17/168] KS 2023: OK rows=85830 size_bytes=32949205 elapsed_s=19.74
[2026-09-11T19:04:54Z] [18/168] KY 2023: fetching
[2026-09-11T19:05:07Z] [18/168] KY 2023: OK rows=155890 size_bytes=59233130 elapsed_s=12.56
[2026-09-11T19:05:07Z] [19/168] LA 2023: fetching
[2026-09-11T19:05:23Z] [19/168] LA 2023: OK rows=135909 size_bytes=52229058 elapsed_s=15.93
[2026-09-11T19:05:23Z] [20/168] ME 2023: fetching
[2026-09-11T19:05:33Z] [20/168] ME 2023: OK rows=49664 size_bytes=19072049 elapsed_s=10.07
[2026-09-11T19:05:33Z] [21/168] MD 2023: fetching
[2026-09-11T19:05:56Z] [21/168] MD 2023: OK rows=210772 size_bytes=81053182 elapsed_s=22.71
[2026-09-11T19:05:56Z] [22/168] MA 2023: fetching
[2026-09-11T19:06:35Z] [22/168] MA 2023: OK rows=210643 size_bytes=81212040 elapsed_s=39.32
[2026-09-11T19:06:35Z] [23/168] MI 2023: fetching
[2026-09-11T19:07:12Z] [23/168] MI 2023: OK rows=344149 size_bytes=130462833 elapsed_s=36.78
[2026-09-11T19:07:12Z] [24/168] MN 2023: fetching
[2026-09-11T19:07:37Z] [24/168] MN 2023: OK rows=175162 size_bytes=67546349 elapsed_s=25.27
[2026-09-11T19:07:37Z] [25/168] MS 2023: fetching
[2026-09-11T19:07:58Z] [25/168] MS 2023: OK rows=98474 size_bytes=37541979 elapsed_s=21.15
[2026-09-11T19:07:58Z] [26/168] MO 2023: fetching
[2026-09-11T19:08:22Z] [26/168] MO 2023: OK rows=216076 size_bytes=82967754 elapsed_s=23.48
[2026-09-11T19:08:22Z] [27/168] MT 2023: fetching
[2026-09-11T19:08:31Z] [27/168] MT 2023: OK rows=32061 size_bytes=12172638 elapsed_s=8.95
[2026-09-11T19:08:31Z] [28/168] NE 2023: fetching
[2026-09-11T19:08:48Z] [28/168] NE 2023: OK rows=60161 size_bytes=23152754 elapsed_s=17.30
[2026-09-11T19:08:48Z] [29/168] NV 2023: fetching
[2026-09-11T19:09:05Z] [29/168] NV 2023: OK rows=116866 size_bytes=44389278 elapsed_s=17.51
[2026-09-11T19:09:05Z] [30/168] NH 2023: fetching
[2026-09-11T19:09:16Z] [30/168] NH 2023: OK rows=49329 size_bytes=18763397 elapsed_s=10.09
[2026-09-11T19:09:16Z] [31/168] NJ 2023: fetching
[2026-09-11T19:09:40Z] [31/168] NJ 2023: OK rows=293775 size_bytes=112157222 elapsed_s=24.55
[2026-09-11T19:09:40Z] [32/168] NM 2023: fetching
[2026-09-11T19:09:52Z] [32/168] NM 2023: OK rows=65724 size_bytes=24830011 elapsed_s=11.97
[2026-09-11T19:09:52Z] [33/168] NY 2023: fetching
[2026-09-11T19:10:19Z] [33/168] NY 2023: OK rows=391574 size_bytes=149799848 elapsed_s=27.00
[2026-09-11T19:10:19Z] [34/168] NC 2023: fetching
[2026-09-11T19:10:54Z] [34/168] NC 2023: OK rows=468025 size_bytes=177850194 elapsed_s=34.45
[2026-09-11T19:10:54Z] [35/168] ND 2023: fetching
[2026-09-11T19:11:02Z] [35/168] ND 2023: OK rows=18651 size_bytes=7103700 elapsed_s=8.14
[2026-09-11T19:11:02Z] [36/168] OH 2023: fetching
[2026-09-11T19:11:27Z] [36/168] OH 2023: OK rows=421994 size_bytes=160323168 elapsed_s=24.93
[2026-09-11T19:11:27Z] [37/168] OK 2023: fetching
[2026-09-11T19:11:44Z] [37/168] OK 2023: OK rows=137289 size_bytes=52460714 elapsed_s=17.46
[2026-09-11T19:11:44Z] [38/168] OR 2023: fetching
[2026-09-11T19:12:02Z] [38/168] OR 2023: OK rows=135608 size_bytes=51633227 elapsed_s=18.10
[2026-09-11T19:12:02Z] [39/168] PA 2023: fetching
[2026-09-11T19:12:29Z] [39/168] PA 2023: OK rows=425454 size_bytes=162309717 elapsed_s=27.03
[2026-09-11T19:12:29Z] [40/168] RI 2023: fetching
[2026-09-11T19:12:38Z] [40/168] RI 2023: OK rows=38473 size_bytes=14576170 elapsed_s=8.47
[2026-09-11T19:12:38Z] [41/168] SC 2023: fetching
[2026-09-11T19:13:02Z] [41/168] SC 2023: OK rows=241795 size_bytes=92078075 elapsed_s=24.17
[2026-09-11T19:13:02Z] [42/168] SD 2023: fetching
[2026-09-11T19:13:14Z] [42/168] SD 2023: OK rows=24311 size_bytes=9322666 elapsed_s=12.33
[2026-09-11T19:13:14Z] [43/168] TN 2023: fetching
[2026-09-11T19:13:34Z] [43/168] TN 2023: OK rows=293551 size_bytes=111957576 elapsed_s=19.83
[2026-09-11T19:13:34Z] [44/168] TX 2023: fetching
[2026-09-11T19:14:25Z] [44/168] TX 2023: OK rows=1041819 size_bytes=395546115 elapsed_s=51.53
[2026-09-11T19:14:25Z] [45/168] UT 2023: fetching
[2026-09-11T19:14:44Z] [45/168] UT 2023: OK rows=146166 size_bytes=55446373 elapsed_s=18.06
[2026-09-11T19:14:44Z] [46/168] VT 2023: already complete, skipping
[2026-09-11T19:14:44Z] [47/168] VA 2023: fetching
[2026-09-11T19:15:12Z] [47/168] VA 2023: OK rows=313853 size_bytes=120084223 elapsed_s=28.57
[2026-09-11T19:15:12Z] [48/168] WA 2023: fetching
[2026-09-11T19:15:32Z] [48/168] WA 2023: OK rows=252478 size_bytes=96329864 elapsed_s=19.62
[2026-09-11T19:15:32Z] [49/168] WV 2023: fetching
[2026-09-11T19:15:46Z] [49/168] WV 2023: OK rows=51897 size_bytes=19746836 elapsed_s=13.90
[2026-09-11T19:15:46Z] [50/168] WI 2023: fetching
[2026-09-11T19:16:02Z] [50/168] WI 2023: OK rows=197246 size_bytes=75556232 elapsed_s=16.26
[2026-09-11T19:16:02Z] [51/168] WY 2023: already complete, skipping
[2026-09-11T19:16:02Z] [52/168] PR 2023: fetching
[2026-09-11T19:16:14Z] [52/168] PR 2023: OK rows=24603 size_bytes=9220509 elapsed_s=11.96
[2026-09-11T19:16:14Z] [53/168] GU 2023: fetching
[2026-09-11T19:16:21Z] [53/168] GU 2023: OK rows=136 size_bytes=53463 elapsed_s=6.78
[2026-09-11T19:16:21Z] [54/168] AS 2023: fetching
[2026-09-11T19:16:27Z] [54/168] AS 2023: OK rows=0 size_bytes=1947 elapsed_s=6.53
[2026-09-11T19:16:27Z] [55/168] VI 2023: fetching
[2026-09-11T19:16:34Z] [55/168] VI 2023: OK rows=68 size_bytes=25959 elapsed_s=6.75
[2026-09-11T19:16:34Z] [56/168] MP 2023: fetching
[2026-09-11T19:16:41Z] [56/168] MP 2023: OK rows=0 size_bytes=1947 elapsed_s=6.85
[2026-09-11T19:16:41Z] [57/168] AL 2024: fetching
[2026-09-11T19:16:58Z] [57/168] AL 2024: OK rows=211812 size_bytes=80160325 elapsed_s=17.61
[2026-09-11T19:16:58Z] [58/168] AK 2024: fetching
[2026-09-11T19:17:08Z] [58/168] AK 2024: OK rows=19672 size_bytes=7454507 elapsed_s=10.06
[2026-09-11T19:17:08Z] [59/168] AZ 2024: fetching
[2026-09-11T19:17:35Z] [59/168] AZ 2024: OK rows=325168 size_bytes=122732048 elapsed_s=26.77
[2026-09-11T19:17:35Z] [60/168] AR 2024: fetching
[2026-09-11T19:17:55Z] [60/168] AR 2024: OK rows=123690 size_bytes=46822763 elapsed_s=19.55
[2026-09-11T19:17:55Z] [61/168] CA 2024: fetching
[2026-09-11T19:18:57Z] [61/168] CA 2024: OK rows=1026119 size_bytes=388479673 elapsed_s=62.26
[2026-09-11T19:18:57Z] [62/168] CO 2024: fetching
[2026-09-11T19:19:20Z] [62/168] CO 2024: OK rows=267672 size_bytes=101001383 elapsed_s=23.06
[2026-09-11T19:19:20Z] [63/168] CT 2024: fetching
[2026-09-11T19:19:39Z] [63/168] CT 2024: OK rows=121689 size_bytes=46403568 elapsed_s=18.58
[2026-09-11T19:19:39Z] [64/168] DE 2024: fetching
[2026-09-11T19:19:48Z] [64/168] DE 2024: OK rows=48786 size_bytes=18605360 elapsed_s=9.25
[2026-09-11T19:19:48Z] [65/168] DC 2024: already complete, skipping
[2026-09-11T19:19:48Z] [66/168] FL 2024: fetching
[2026-09-11T19:20:58Z] [66/168] FL 2024: OK rows=1047439 size_bytes=394227617 elapsed_s=70.49
[2026-09-11T19:20:58Z] [67/168] GA 2024: fetching
[2026-09-11T19:21:47Z] [67/168] GA 2024: OK rows=478257 size_bytes=182265470 elapsed_s=48.88
[2026-09-11T19:21:47Z] [68/168] HI 2024: fetching
[2026-09-11T19:21:56Z] [68/168] HI 2024: OK rows=32109 size_bytes=12232874 elapsed_s=8.63
[2026-09-11T19:21:56Z] [69/168] ID 2024: fetching
[2026-09-11T19:22:11Z] [69/168] ID 2024: OK rows=85107 size_bytes=32049520 elapsed_s=15.56
[2026-09-11T19:22:11Z] [70/168] IL 2024: fetching
[2026-09-11T19:22:42Z] [70/168] IL 2024: OK rows=399684 size_bytes=152007909 elapsed_s=31.02
[2026-09-11T19:22:42Z] [71/168] IN 2024: fetching
[2026-09-11T19:23:08Z] [71/168] IN 2024: OK rows=293161 size_bytes=110776904 elapsed_s=25.57
[2026-09-11T19:23:08Z] [72/168] IA 2024: fetching
[2026-09-11T19:23:27Z] [72/168] IA 2024: OK rows=110244 size_bytes=42273943 elapsed_s=19.35
[2026-09-11T19:23:27Z] [73/168] KS 2024: fetching
[2026-09-11T19:23:39Z] [73/168] KS 2024: OK rows=95082 size_bytes=36293073 elapsed_s=11.98
[2026-09-11T19:23:39Z] [74/168] KY 2024: fetching
[2026-09-11T19:23:57Z] [74/168] KY 2024: OK rows=168778 size_bytes=63804207 elapsed_s=17.85
[2026-09-11T19:23:57Z] [75/168] LA 2024: fetching
[2026-09-11T19:24:19Z] [75/168] LA 2024: OK rows=139425 size_bytes=53429976 elapsed_s=21.76
[2026-09-11T19:24:19Z] [76/168] ME 2024: fetching
[2026-09-11T19:24:28Z] [76/168] ME 2024: OK rows=54848 size_bytes=20853126 elapsed_s=8.93
[2026-09-11T19:24:28Z] [77/168] MD 2024: fetching
[2026-09-11T19:24:52Z] [77/168] MD 2024: OK rows=235625 size_bytes=89949782 elapsed_s=24.55
[2026-09-11T19:24:52Z] [78/168] MA 2024: fetching
[2026-09-11T19:25:14Z] [78/168] MA 2024: OK rows=215072 size_bytes=82132769 elapsed_s=21.38
[2026-09-11T19:25:14Z] [79/168] MI 2024: fetching
[2026-09-11T19:25:47Z] [79/168] MI 2024: OK rows=373290 size_bytes=141181464 elapsed_s=33.39
[2026-09-11T19:25:47Z] [80/168] MN 2024: fetching
[2026-09-11T19:26:16Z] [80/168] MN 2024: OK rows=187757 size_bytes=71747227 elapsed_s=29.03
[2026-09-11T19:26:16Z] [81/168] MS 2024: fetching
[2026-09-11T19:26:29Z] [81/168] MS 2024: OK rows=106691 size_bytes=40453366 elapsed_s=12.72
[2026-09-11T19:26:29Z] [82/168] MO 2024: fetching
[2026-09-11T19:26:54Z] [82/168] MO 2024: OK rows=243337 size_bytes=92689876 elapsed_s=24.85
[2026-09-11T19:26:54Z] [83/168] MT 2024: fetching
[2026-09-11T19:27:07Z] [83/168] MT 2024: OK rows=35609 size_bytes=13466373 elapsed_s=13.45
[2026-09-11T19:27:07Z] [84/168] NE 2024: fetching
[2026-09-11T19:27:18Z] [84/168] NE 2024: OK rows=67398 size_bytes=25663693 elapsed_s=10.76
[2026-09-11T19:27:18Z] [85/168] NV 2024: fetching
[2026-09-11T19:27:40Z] [85/168] NV 2024: OK rows=132767 size_bytes=50043441 elapsed_s=21.93
[2026-09-11T19:27:40Z] [86/168] NH 2024: fetching
[2026-09-11T19:27:51Z] [86/168] NH 2024: OK rows=53735 size_bytes=20278344 elapsed_s=11.39
[2026-09-11T19:27:51Z] [87/168] NJ 2024: fetching
[2026-09-11T19:28:23Z] [87/168] NJ 2024: OK rows=323940 size_bytes=122886439 elapsed_s=31.92
[2026-09-11T19:28:23Z] [88/168] NM 2024: fetching
[2026-09-11T19:28:34Z] [88/168] NM 2024: OK rows=73851 size_bytes=27690172 elapsed_s=10.33
[2026-09-11T19:28:34Z] [89/168] NY 2024: fetching
[2026-09-11T19:29:12Z] [89/168] NY 2024: OK rows=383614 size_bytes=145740132 elapsed_s=38.67
[2026-09-11T19:29:12Z] [90/168] NC 2024: fetching
[2026-09-11T19:29:47Z] [90/168] NC 2024: OK rows=494607 size_bytes=186859836 elapsed_s=34.34
[2026-09-11T19:29:47Z] [91/168] ND 2024: fetching
[2026-09-11T19:29:59Z] [91/168] ND 2024: OK rows=20733 size_bytes=7870401 elapsed_s=12.30
[2026-09-11T19:29:59Z] [92/168] OH 2024: fetching
[2026-09-11T19:30:35Z] [92/168] OH 2024: OK rows=461150 size_bytes=174082985 elapsed_s=36.50
[2026-09-11T19:30:35Z] [93/168] OK 2024: fetching
[2026-09-11T19:30:59Z] [93/168] OK 2024: OK rows=148298 size_bytes=56316351 elapsed_s=23.34
[2026-09-11T19:30:59Z] [94/168] OR 2024: fetching
[2026-09-11T19:31:18Z] [94/168] OR 2024: OK rows=143526 size_bytes=54237722 elapsed_s=19.70
[2026-09-11T19:31:18Z] [95/168] PA 2024: fetching
[2026-09-11T19:31:50Z] [95/168] PA 2024: OK rows=446604 size_bytes=169248020 elapsed_s=31.45
[2026-09-11T19:31:50Z] [96/168] RI 2024: fetching
[2026-09-11T19:31:59Z] [96/168] RI 2024: OK rows=41977 size_bytes=15814057 elapsed_s=8.99
[2026-09-11T19:31:59Z] [97/168] SC 2024: fetching
[2026-09-11T19:32:23Z] [97/168] SC 2024: OK rows=258807 size_bytes=97994888 elapsed_s=24.22
[2026-09-11T19:32:23Z] [98/168] SD 2024: fetching
[2026-09-11T19:32:34Z] [98/168] SD 2024: OK rows=26719 size_bytes=10199495 elapsed_s=10.38
[2026-09-11T19:32:34Z] [99/168] TN 2024: fetching
[2026-09-11T19:33:01Z] [99/168] TN 2024: OK rows=311035 size_bytes=117817173 elapsed_s=27.85
[2026-09-11T19:33:01Z] [100/168] TX 2024: fetching
[2026-09-11T19:34:29Z] [100/168] TX 2024: OK rows=1074771 size_bytes=405704725 elapsed_s=87.15
[2026-09-11T19:34:29Z] [101/168] UT 2024: fetching
[2026-09-11T19:34:50Z] [101/168] UT 2024: OK rows=155074 size_bytes=58546684 elapsed_s=21.79
[2026-09-11T19:34:50Z] [102/168] VT 2024: already complete, skipping
[2026-09-11T19:34:50Z] [103/168] VA 2024: fetching
[2026-09-11T19:35:22Z] [103/168] VA 2024: OK rows=351177 size_bytes=133549502 elapsed_s=31.28
[2026-09-11T19:35:22Z] [104/168] WA 2024: fetching
[2026-09-11T19:35:47Z] [104/168] WA 2024: OK rows=277540 size_bytes=105086701 elapsed_s=25.88
[2026-09-11T19:35:47Z] [105/168] WV 2024: fetching
[2026-09-11T19:36:00Z] [105/168] WV 2024: OK rows=54342 size_bytes=20519220 elapsed_s=12.71
[2026-09-11T19:36:00Z] [106/168] WI 2024: fetching
[2026-09-11T19:36:29Z] [106/168] WI 2024: OK rows=214079 size_bytes=81364529 elapsed_s=29.06
[2026-09-11T19:36:29Z] [107/168] WY 2024: already complete, skipping
[2026-09-11T19:36:29Z] [108/168] PR 2024: fetching
[2026-09-11T19:36:38Z] [108/168] PR 2024: OK rows=23438 size_bytes=8760824 elapsed_s=8.51
[2026-09-11T19:36:38Z] [109/168] GU 2024: fetching
[2026-09-11T19:36:45Z] [109/168] GU 2024: OK rows=157 size_bytes=61878 elapsed_s=7.00
[2026-09-11T19:36:45Z] [110/168] AS 2024: fetching
[2026-09-11T19:36:51Z] [110/168] AS 2024: OK rows=0 size_bytes=1947 elapsed_s=6.62
[2026-09-11T19:36:51Z] [111/168] VI 2024: fetching
[2026-09-11T19:36:58Z] [111/168] VI 2024: OK rows=68 size_bytes=27246 elapsed_s=7.11
[2026-09-11T19:36:58Z] [112/168] MP 2024: fetching
[2026-09-11T19:37:05Z] [112/168] MP 2024: OK rows=0 size_bytes=1947 elapsed_s=6.76
[2026-09-11T19:37:05Z] [113/168] AL 2025: fetching
[2026-09-11T19:37:29Z] [113/168] AL 2025: OK rows=236356 size_bytes=89202652 elapsed_s=24.12
[2026-09-11T19:37:29Z] [114/168] AK 2025: fetching
[2026-09-11T19:37:41Z] [114/168] AK 2025: OK rows=22427 size_bytes=8490984 elapsed_s=11.60
[2026-09-11T19:37:41Z] [115/168] AZ 2025: fetching
[2026-09-11T19:38:17Z] [115/168] AZ 2025: OK rows=358591 size_bytes=135054105 elapsed_s=35.82
[2026-09-11T19:38:17Z] [116/168] AR 2025: fetching
[2026-09-11T19:38:39Z] [116/168] AR 2025: OK rows=135064 size_bytes=51067107 elapsed_s=22.19
[2026-09-11T19:38:39Z] [117/168] CA 2025: fetching
[2026-09-11T19:40:40Z] [117/168] CA 2025: OK rows=1161292 size_bytes=439748580 elapsed_s=121.30
[2026-09-11T19:40:40Z] [118/168] CO 2025: fetching
[2026-09-11T19:41:08Z] [118/168] CO 2025: OK rows=295125 size_bytes=111184134 elapsed_s=28.16
[2026-09-11T19:41:08Z] [119/168] CT 2025: fetching
[2026-09-11T19:41:21Z] [119/168] CT 2025: OK rows=138936 size_bytes=52836734 elapsed_s=12.95
[2026-09-11T19:41:21Z] [120/168] DE 2025: fetching
[2026-09-11T19:41:35Z] [120/168] DE 2025: OK rows=55183 size_bytes=20985669 elapsed_s=13.34
[2026-09-11T19:41:35Z] [121/168] DC 2025: already complete, skipping
[2026-09-11T19:41:35Z] [122/168] FL 2025: fetching
[2026-09-11T19:43:03Z] [122/168] FL 2025: OK rows=1076340 size_bytes=404348521 elapsed_s=88.04
[2026-09-11T19:43:03Z] [123/168] GA 2025: fetching
[2026-09-11T19:43:42Z] [123/168] GA 2025: OK rows=515746 size_bytes=195992958 elapsed_s=38.92
[2026-09-11T19:43:42Z] [124/168] HI 2025: fetching
[2026-09-11T19:43:50Z] [124/168] HI 2025: OK rows=38770 size_bytes=14764905 elapsed_s=8.76
[2026-09-11T19:43:50Z] [125/168] ID 2025: fetching
[2026-09-11T19:44:08Z] [125/168] ID 2025: OK rows=101441 size_bytes=38265100 elapsed_s=17.98
[2026-09-11T19:44:08Z] [126/168] IL 2025: fetching
[2026-09-11T19:44:55Z] [126/168] IL 2025: OK rows=455868 size_bytes=173023970 elapsed_s=46.22
[2026-09-11T19:44:55Z] [127/168] IN 2025: fetching
[2026-09-11T19:45:26Z] [127/168] IN 2025: OK rows=326484 size_bytes=123067001 elapsed_s=31.49
[2026-09-11T19:45:26Z] [128/168] IA 2025: fetching
[2026-09-11T19:45:48Z] [128/168] IA 2025: OK rows=123791 size_bytes=47291522 elapsed_s=21.56
[2026-09-11T19:45:48Z] [129/168] KS 2025: fetching
[2026-09-11T19:46:00Z] [129/168] KS 2025: OK rows=108103 size_bytes=41111605 elapsed_s=12.70
[2026-09-11T19:46:00Z] [130/168] KY 2025: fetching
[2026-09-11T19:46:16Z] [130/168] KY 2025: OK rows=191324 size_bytes=72184873 elapsed_s=15.72
[2026-09-11T19:46:16Z] [131/168] LA 2025: fetching
[2026-09-11T19:46:37Z] [131/168] LA 2025: OK rows=153585 size_bytes=58728102 elapsed_s=21.07
[2026-09-11T19:46:37Z] [132/168] ME 2025: fetching
[2026-09-11T19:46:47Z] [132/168] ME 2025: OK rows=62282 size_bytes=23645272 elapsed_s=10.03
[2026-09-11T19:46:47Z] [133/168] MD 2025: fetching
[2026-09-11T19:47:11Z] [133/168] MD 2025: OK rows=265074 size_bytes=100917535 elapsed_s=23.53
[2026-09-11T19:47:11Z] [134/168] MA 2025: fetching
[2026-09-11T19:47:36Z] [134/168] MA 2025: OK rows=247149 size_bytes=94337430 elapsed_s=25.09
[2026-09-11T19:47:36Z] [135/168] MI 2025: fetching
[2026-09-11T19:48:07Z] [135/168] MI 2025: OK rows=418530 size_bytes=157792703 elapsed_s=30.90
[2026-09-11T19:48:07Z] [136/168] MN 2025: fetching
[2026-09-11T19:48:22Z] [136/168] MN 2025: OK rows=209660 size_bytes=79949559 elapsed_s=15.45
[2026-09-11T19:48:22Z] [137/168] MS 2025: fetching
[2026-09-11T19:48:46Z] [137/168] MS 2025: OK rows=114899 size_bytes=43480572 elapsed_s=23.64
[2026-09-11T19:48:46Z] [138/168] MO 2025: fetching
[2026-09-11T19:49:14Z] [138/168] MO 2025: OK rows=274106 size_bytes=104222496 elapsed_s=28.69
[2026-09-11T19:49:14Z] [139/168] MT 2025: fetching
[2026-09-11T19:49:26Z] [139/168] MT 2025: OK rows=41749 size_bytes=15759184 elapsed_s=11.76
[2026-09-11T19:49:26Z] [140/168] NE 2025: fetching
[2026-09-11T19:49:36Z] [140/168] NE 2025: OK rows=77590 size_bytes=29550048 elapsed_s=9.66
[2026-09-11T19:49:36Z] [141/168] NV 2025: fetching
[2026-09-11T19:49:56Z] [141/168] NV 2025: OK rows=141831 size_bytes=53343420 elapsed_s=20.02
[2026-09-11T19:49:56Z] [142/168] NH 2025: fetching
[2026-09-11T19:50:05Z] [142/168] NH 2025: OK rows=63625 size_bytes=23967766 elapsed_s=9.23
[2026-09-11T19:50:05Z] [143/168] NJ 2025: fetching
[2026-09-11T19:50:34Z] [143/168] NJ 2025: OK rows=370769 size_bytes=140475839 elapsed_s=28.42
[2026-09-11T19:50:34Z] [144/168] NM 2025: fetching
[2026-09-11T19:50:51Z] [144/168] NM 2025: OK rows=81433 size_bytes=30415742 elapsed_s=16.99
[2026-09-11T19:50:51Z] [145/168] NY 2025: fetching
[2026-09-11T19:51:25Z] [145/168] NY 2025: OK rows=430554 size_bytes=163073387 elapsed_s=34.20
[2026-09-11T19:51:25Z] [146/168] NC 2025: fetching
[2026-09-11T19:52:01Z] [146/168] NC 2025: OK rows=552230 size_bytes=208187432 elapsed_s=36.15
[2026-09-11T19:52:01Z] [147/168] ND 2025: fetching
[2026-09-11T19:52:09Z] [147/168] ND 2025: OK rows=23174 size_bytes=8823754 elapsed_s=8.54
[2026-09-11T19:52:09Z] [148/168] OH 2025: fetching
[2026-09-11T19:52:43Z] [148/168] OH 2025: OK rows=521822 size_bytes=196599011 elapsed_s=33.83
[2026-09-11T19:52:43Z] [149/168] OK 2025: fetching
[2026-09-11T19:53:03Z] [149/168] OK 2025: OK rows=165004 size_bytes=62452286 elapsed_s=19.32
[2026-09-11T19:53:03Z] [150/168] OR 2025: fetching
[2026-09-11T19:53:26Z] [150/168] OR 2025: OK rows=165540 size_bytes=62399483 elapsed_s=23.15
[2026-09-11T19:53:26Z] [151/168] PA 2025: fetching
[2026-09-11T19:54:07Z] [151/168] PA 2025: OK rows=500191 size_bytes=189257093 elapsed_s=41.03
[2026-09-11T19:54:07Z] [152/168] RI 2025: fetching
[2026-09-11T19:54:18Z] [152/168] RI 2025: OK rows=48310 size_bytes=18173915 elapsed_s=11.39
[2026-09-11T19:54:18Z] [153/168] SC 2025: fetching
[2026-09-11T19:54:47Z] [153/168] SC 2025: OK rows=292922 size_bytes=110626955 elapsed_s=28.64
[2026-09-11T19:54:47Z] [154/168] SD 2025: fetching
[2026-09-11T19:55:00Z] [154/168] SD 2025: OK rows=29487 size_bytes=11215568 elapsed_s=12.96
[2026-09-11T19:55:00Z] [155/168] TN 2025: fetching
[2026-09-11T19:55:24Z] [155/168] TN 2025: OK rows=345081 size_bytes=130223198 elapsed_s=24.13
[2026-09-11T19:55:24Z] [156/168] TX 2025: fetching
[2026-09-11T19:56:45Z] [156/168] TX 2025: OK rows=1144277 size_bytes=431026746 elapsed_s=80.92
[2026-09-11T19:56:45Z] [157/168] UT 2025: fetching
[2026-09-11T19:57:11Z] [157/168] UT 2025: OK rows=171806 size_bytes=64784561 elapsed_s=25.92
[2026-09-11T19:57:11Z] [158/168] VT 2025: fetching
[2026-09-11T19:57:18Z] [158/168] VT 2025: OK rows=22256 size_bytes=8382180 elapsed_s=7.76
[2026-09-11T19:57:18Z] [159/168] VA 2025: fetching
[2026-09-11T19:58:08Z] [159/168] VA 2025: OK rows=397846 size_bytes=150951586 elapsed_s=49.95
[2026-09-11T19:58:08Z] [160/168] WA 2025: fetching
[2026-09-11T19:59:38Z] [160/168] WA 2025: OK rows=322182 size_bytes=121775127 elapsed_s=90.01
[2026-09-11T19:59:38Z] [161/168] WV 2025: fetching
[2026-09-11T19:59:48Z] [161/168] WV 2025: OK rows=60802 size_bytes=22951603 elapsed_s=10.04
[2026-09-11T19:59:48Z] [162/168] WI 2025: fetching
[2026-09-11T20:00:15Z] [162/168] WI 2025: OK rows=245028 size_bytes=93000297 elapsed_s=26.64
[2026-09-11T20:00:15Z] [163/168] WY 2025: fetching
[2026-09-11T20:00:26Z] [163/168] WY 2025: OK rows=25137 size_bytes=9478687 elapsed_s=10.61
[2026-09-11T20:00:26Z] [164/168] PR 2025: fetching
[2026-09-11T20:00:34Z] [164/168] PR 2025: OK rows=25201 size_bytes=9411808 elapsed_s=8.14
[2026-09-11T20:00:34Z] [165/168] GU 2025: fetching
[2026-09-11T20:00:41Z] [165/168] GU 2025: OK rows=213 size_bytes=83472 elapsed_s=6.89
[2026-09-11T20:00:41Z] [166/168] AS 2025: fetching
[2026-09-11T20:00:48Z] [166/168] AS 2025: OK rows=0 size_bytes=1947 elapsed_s=6.78
[2026-09-11T20:00:48Z] [167/168] VI 2025: fetching
[2026-09-11T20:00:55Z] [167/168] VI 2025: OK rows=340 size_bytes=128815 elapsed_s=7.48
[2026-09-11T20:00:55Z] [168/168] MP 2025: fetching
[2026-09-11T20:01:02Z] [168/168] MP 2025: OK rows=0 size_bytes=1947 elapsed_s=6.55
[2026-09-11T20:01:02Z] ingest_all: rebuilding data/hmda.duckdb from data/parquet/
[2026-09-11T20:02:48Z] ingest_all: done. 36734685 total rows loaded. 0 state-years failed.
